// Jest Snapshot v1, https://goo.gl/fbAQLP

exports[`basic 1`] = `
"'use strict';

Object.defineProperty(exports, \\"__esModule\\", {
  value: true
});
exports.bpfrpt_proptype_Qux = undefined;

var _propTypes = require('prop-types');

var _propTypes2 = _interopRequireDefault(_propTypes);

var _types = require('./types');

function _interopRequireDefault(obj) { return obj && obj.__esModule ? obj : { default: obj }; }

function _classCallCheck(instance, Constructor) { if (!(instance instanceof Constructor)) { throw new TypeError(\\"Cannot call a class as a function\\"); } }

function _possibleConstructorReturn(self, call) { if (!self) { throw new ReferenceError(\\"this hasn't been initialised - super() hasn't been called\\"); } return call && (typeof call === \\"object\\" || typeof call === \\"function\\") ? call : self; }

function _inherits(subClass, superClass) { if (typeof superClass !== \\"function\\" && superClass !== null) { throw new TypeError(\\"Super expression must either be null or a function, not \\" + typeof superClass); } subClass.prototype = Object.create(superClass && superClass.prototype, { constructor: { value: subClass, enumerable: false, writable: true, configurable: true } }); if (superClass) Object.setPrototypeOf ? Object.setPrototypeOf(subClass, superClass) : subClass.__proto__ = superClass; }

var React = require('react');

var bpfrpt_proptype_Qux = {
  baz: _propTypes2.default.oneOf(['literal']).isRequired
};

var Foo = function (_React$Component) {
  _inherits(Foo, _React$Component);

  function Foo() {
    _classCallCheck(this, Foo);

    return _possibleConstructorReturn(this, (Foo.__proto__ || Object.getPrototypeOf(Foo)).apply(this, arguments));
  }

  return Foo;
}(React.Component);

Foo.propTypes = {
  an_optional_string: _propTypes2.default.string,
  a_number: _propTypes2.default.number.isRequired,
  a_boolean: _propTypes2.default.bool.isRequired,
  a_generic_object: _propTypes2.default.object.isRequired,
  array_of_strings: _propTypes2.default.arrayOf(_propTypes2.default.string.isRequired).isRequired,
  instance_of_Bar: function instance_of_Bar() {
    return (typeof Bar === 'function' ? _propTypes2.default.instanceOf(Bar).isRequired : _propTypes2.default.any.isRequired).apply(this, arguments);
  },
  anything: function anything(props, propName, componentName) {
    if (!Object.prototype.hasOwnProperty.call(props, propName)) {
      throw new Error('Prop \`' + propName + '\` has type \\\\'any\\\\' or \\\\'mixed\\\\', but was not provided to \`' + componentName + '\`. Pass undefined or any other value.');
    }
  },
  mixed: function mixed(props, propName, componentName) {
    if (!Object.prototype.hasOwnProperty.call(props, propName)) {
      throw new Error('Prop \`' + propName + '\` has type \\\\'any\\\\' or \\\\'mixed\\\\', but was not provided to \`' + componentName + '\`. Pass undefined or any other value.');
    }
  },
  one_of: _propTypes2.default.oneOf(['QUACK', 'BARK', 5]).isRequired,
  one_of_type: _propTypes2.default.oneOfType([_propTypes2.default.number, _propTypes2.default.string]).isRequired,
  nested_object_level_1: _propTypes2.default.shape({
    string_property_1: _propTypes2.default.string.isRequired,
    nested_object_level_2: _propTypes2.default.shape({
      nested_object_level_3: _propTypes2.default.shape({
        string_property_3: _propTypes2.default.string.isRequired
      }).isRequired,
      string_property_2: _propTypes2.default.string.isRequired
    }).isRequired
  }).isRequired,
  should_error_if_provided: function should_error_if_provided(props, propName, componentName) {
    if (props[propName] != null) {
      throw new Error('Invalid prop \`' + propName + '\` of value \`' + props[propName] + '\` passed to \`' + componentName + '\`. Expected undefined or null.');
    }
  },
  intersection: _propTypes2.default.shape({
    foo: _propTypes2.default.string.isRequired,
    bar: _propTypes2.default.number.isRequired,
    baz: _propTypes2.default.oneOf(['literal']).isRequired
  }).isRequired,
  some_external_type: function some_external_type() {
    return (typeof _types.bpfrpt_proptype_SomeExternalType === 'function' ? _types.bpfrpt_proptype_SomeExternalType.isRequired ? _types.bpfrpt_proptype_SomeExternalType.isRequired : _types.bpfrpt_proptype_SomeExternalType : _propTypes2.default.shape(_types.bpfrpt_proptype_SomeExternalType).isRequired).apply(this, arguments);
  },
  some_external_type_intersection: _propTypes2.default.shape(Object.assign({}, {
    foo: _propTypes2.default.string.isRequired
  }, _types.bpfrpt_proptype_SomeExternalType === _propTypes2.default.any ? {} : _types.bpfrpt_proptype_SomeExternalType)).isRequired
};
exports.default = Foo;
exports.bpfrpt_proptype_Qux = bpfrpt_proptype_Qux;"
`;
