// Jest Snapshot v1, https://goo.gl/fbAQLP

exports[`children 1`] = `
"'use strict';

var _propTypes = require('prop-types');

var _propTypes2 = _interopRequireDefault(_propTypes);

function _interopRequireDefault(obj) { return obj && obj.__esModule ? obj : { default: obj }; }

var React = require('react');
var Element = React.Element;

Foo.propTypes = {
  children: _propTypes2.default.node.isRequired,
  children2: _propTypes2.default.arrayOf(typeof Element === 'function' ? _propTypes2.default.instanceOf(Element) : _propTypes2.default.any).isRequired,
  children3: typeof Element === 'function' ? _propTypes2.default.instanceOf(Element).isRequired : _propTypes2.default.any.isRequired,
  children4: typeof Element === 'function' ? _propTypes2.default.instanceOf(Element).isRequired : _propTypes2.default.any.isRequired
};


function Foo(props) {
  React.createElement(
    'div',
    null,
    props.children
  );
}"
`;
