// Jest Snapshot v1, https://goo.gl/fbAQLP

exports[`children 1`] = `
"'use strict';

var _propTypes = require('prop-types');

var _propTypes2 = _interopRequireDefault(_propTypes);

function _interopRequireDefault(obj) { return obj && obj.__esModule ? obj : { default: obj }; }

var React = require('react');
var Element = React.Element;

function Foo(props) {
  React.createElement(
    'div',
    null,
    props.children
  );
}
Foo.propTypes = {
  children: _propTypes2.default.node.isRequired,
  children2: _propTypes2.default.arrayOf(function () {
    return (typeof Element === 'function' ? _propTypes2.default.instanceOf(Element).isRequired : _propTypes2.default.any.isRequired).apply(this, arguments);
  }).isRequired,
  children3: function children3() {
    return (typeof Element === 'function' ? _propTypes2.default.instanceOf(Element).isRequired : _propTypes2.default.any.isRequired).apply(this, arguments);
  },
  children4: function children4() {
    return (typeof Element === 'function' ? _propTypes2.default.instanceOf(Element).isRequired : _propTypes2.default.any.isRequired).apply(this, arguments);
  }
};"
`;
