// Jest Snapshot v1, https://goo.gl/fbAQLP

exports[`dead-code-true 1`] = `
"'use strict';

var React = require('react');

var Foo = function Foo(props) {
  return React.createElement('div', null);
};
Foo.propTypes = process.env.NODE_ENV === 'production' ? null : {
  x: require('prop-types').string.isRequired
};"
`;

exports[`dead-code-true uglify 1`] = `"\\"use strict\\";var e=require(\\"react\\");(function(r){return e.createElement(\\"div\\",null)}).propTypes=null;"`;
