// Jest Snapshot v1, https://goo.gl/fbAQLP

exports[`export-exact-object-type 1`] = `
"'use strict';

var _react = require('react');

var _react2 = _interopRequireDefault(_react);

function _interopRequireDefault(obj) { return obj && obj.__esModule ? obj : { default: obj }; }

var babelPluginFlowReactPropTypes_proptype_VendorProps = {
  test: require('prop-types').string.isRequired
};
if (typeof exports !== 'undefined') Object.defineProperty(exports, 'babelPluginFlowReactPropTypes_proptype_VendorProps', {
  value: babelPluginFlowReactPropTypes_proptype_VendorProps,
  configurable: true
});"
`;
