exports[`test export-type-and-component 1`] = `
"\'use strict\';

Object.defineProperty(exports, \"__esModule\", {
  value: true
});

var _react = require(\'react\');

var _react2 = _interopRequireDefault(_react);

function _interopRequireDefault(obj) { return obj && obj.__esModule ? obj : { default: obj }; }

if (typeof exports !== \'undefined\') Object.defineProperty(exports, \'babelPluginFlowReactPropTypes_proptype_T\', {
  value: {
    f: require(\'prop-types\').func.isRequired,
    i: require(\'prop-types\').number.isRequired,
    x: require(\'prop-types\').oneOf([\'foo\', \'baz\']).isRequired
  }
});


var C = function C(_ref) {
  var f = _ref.f;

  _react2.default.createElement(\'div\', null);
};

C.propTypes = {
  f: require(\'prop-types\').func.isRequired,
  i: require(\'prop-types\').number.isRequired,
  x: require(\'prop-types\').oneOf([\'foo\', \'baz\']).isRequired
};
exports.default = C;"
`;
