// Jest Snapshot v1, https://goo.gl/fbAQLP

exports[`export-object 1`] = `
"'use strict';

Object.defineProperty(exports, \\"__esModule\\", {
  value: true
});
exports.bpfrpt_proptype_Foo = undefined;

var _propTypes = require('prop-types');

var _propTypes2 = _interopRequireDefault(_propTypes);

function _interopRequireDefault(obj) { return obj && obj.__esModule ? obj : { default: obj }; }

var bpfrpt_proptype_Foo = {
  a_string: _propTypes2.default.string.isRequired
};


console.log('test');
exports.bpfrpt_proptype_Foo = bpfrpt_proptype_Foo;"
`;
