// Jest Snapshot v1, https://goo.gl/fbAQLP

exports[`export-intersection-type 1`] = `
"\\"use strict\\";

var babelPluginFlowReactPropTypes_proptype_T = require(\\"prop-types\\").string;

if (typeof exports !== \\"undefined\\") Object.defineProperty(exports, \\"babelPluginFlowReactPropTypes_proptype_T\\", {
  value: babelPluginFlowReactPropTypes_proptype_T,
  configurable: true
});

var babelPluginFlowReactPropTypes_proptype_TOptional = require(\\"prop-types\\").string;

if (typeof exports !== \\"undefined\\") Object.defineProperty(exports, \\"babelPluginFlowReactPropTypes_proptype_TOptional\\", {
  value: babelPluginFlowReactPropTypes_proptype_TOptional,
  configurable: true
});"
`;
