// Jest Snapshot v1, https://goo.gl/fbAQLP

exports[`export-intersection-type 1`] = `
"\\"use strict\\";

Object.defineProperty(exports, \\"__esModule\\", {
  value: true
});
exports.babelPluginFlowReactPropTypes_proptype_TOptional = exports.babelPluginFlowReactPropTypes_proptype_T = undefined;

var _propTypes = require(\\"prop-types\\");

var _propTypes2 = _interopRequireDefault(_propTypes);

function _interopRequireDefault(obj) { return obj && obj.__esModule ? obj : { default: obj }; }

var babelPluginFlowReactPropTypes_proptype_T = _propTypes2.default.string;
var babelPluginFlowReactPropTypes_proptype_TOptional = _propTypes2.default.string;
exports.babelPluginFlowReactPropTypes_proptype_T = babelPluginFlowReactPropTypes_proptype_T;
exports.babelPluginFlowReactPropTypes_proptype_TOptional = babelPluginFlowReactPropTypes_proptype_TOptional;"
`;
