// Jest Snapshot v1, https://goo.gl/fbAQLP

exports[`function-with-type-annotation 1`] = `
"\\"use strict\\";

var _propTypes = require(\\"prop-types\\");

var _propTypes2 = _interopRequireDefault(_propTypes);

function _interopRequireDefault(obj) { return obj && obj.__esModule ? obj : { default: obj }; }

C.propTypes = {
  bar: function bar(props, propName, componentName) {
    if (!Object.prototype.hasOwnProperty.call(props, propName)) {
      throw new Error(\\"Prop \`\\" + propName + \\"\` has type 'any' or 'mixed', but was not provided to \`\\" + componentName + \\"\`. Pass undefined or any other value.\\");
    }
  }
};


var C = function C(props) {};"
`;
