// Jest Snapshot v1, https://goo.gl/fbAQLP

exports[`function-with-type-annotation 1`] = `
"\\"use strict\\";

var C = function C(props) {};
C.propTypes = {
  bar: function bar(props, propName, componentName) {
    if (!Object.prototype.hasOwnProperty.call(props, propName)) {
      throw new Error(\\"Prop \`\\" + propName + \\"\` has type 'any', but was not provided to \`\\" + componentName + \\"\`. Pass undefined or any other value.\\");
    }
  }
};"
`;
