// Jest Snapshot v1, https://goo.gl/fbAQLP

exports[`function-with-generic-type-annotation 1`] = `
"\\"use strict\\";

var _propTypes = require(\\"prop-types\\");

var _propTypes2 = _interopRequireDefault(_propTypes);

function _interopRequireDefault(obj) { return obj && obj.__esModule ? obj : { default: obj }; }

var C = function C(props) {};
C.propTypes = {
  name: _propTypes2.default.string.isRequired
};"
`;
