exports[`test import-and-loops 1`] = `
"\'use strict\';

Object.defineProperty(exports, \"__esModule\", {
    value: true
});

var _react = require(\'react\');

var _react2 = _interopRequireDefault(_react);

function _interopRequireDefault(obj) { return obj && obj.__esModule ? obj : { default: obj }; }

var babelPluginFlowReactPropTypes_proptype_ExternalType = require(\'../types\').babelPluginFlowReactPropTypes_proptype_ExternalType || require(\'prop-types\').any;

if (typeof exports !== \'undefined\') Object.defineProperty(exports, \'babelPluginFlowReactPropTypes_proptype_T\', {
    value: {
        flag: require(\'prop-types\').bool.isRequired,
        list: require(\'prop-types\').arrayOf(typeof babelPluginFlowReactPropTypes_proptype_ExternalType === \'function\' ? babelPluginFlowReactPropTypes_proptype_ExternalType : require(\'prop-types\').shape(babelPluginFlowReactPropTypes_proptype_ExternalType)).isRequired
    }
});


var C = function C(_ref) {
    var flag = _ref.flag,
        list = _ref.list;

    return flag ? _react2.default.createElement(
        \'div\',
        null,
        \'yes\'
    ) : _react2.default.createElement(
        Select,
        null,
        list.map(function (e) {
            return _react2.default.createElement(\'option\', { value: e.id, key: e.id });
        })
    );
};

C.propTypes = {
    flag: require(\'prop-types\').bool.isRequired,
    list: require(\'prop-types\').arrayOf(typeof babelPluginFlowReactPropTypes_proptype_ExternalType === \'function\' ? babelPluginFlowReactPropTypes_proptype_ExternalType : require(\'prop-types\').shape(babelPluginFlowReactPropTypes_proptype_ExternalType)).isRequired
};
exports.default = C;"
`;
