// Jest Snapshot v1, https://goo.gl/fbAQLP

exports[`indirect-jsx 1`] = `
"\\"use strict\\";

var _propTypes = require(\\"prop-types\\");

var _propTypes2 = _interopRequireDefault(_propTypes);

function _interopRequireDefault(obj) { return obj && obj.__esModule ? obj : { default: obj }; }

C.propTypes = {
  name: _propTypes2.default.string.isRequired
};


var C = function C(props) {
  var el = null;
  if (true) {
    el = React.createElement(\\"div\\", null);
  }
  return el;
};"
`;
