exports[`test intersection inline with exported and nested imported type 1`] = `
"\"use strict\";

function _classCallCheck(instance, Constructor) { if (!(instance instanceof Constructor)) { throw new TypeError(\"Cannot call a class as a function\"); } }

function _possibleConstructorReturn(self, call) { if (!self) { throw new ReferenceError(\"this hasn\'t been initialised - super() hasn\'t been called\"); } return call && (typeof call === \"object\" || typeof call === \"function\") ? call : self; }

function _inherits(subClass, superClass) { if (typeof superClass !== \"function\" && superClass !== null) { throw new TypeError(\"Super expression must either be null or a function, not \" + typeof superClass); } subClass.prototype = Object.create(superClass && superClass.prototype, { constructor: { value: subClass, enumerable: false, writable: true, configurable: true } }); if (superClass) Object.setPrototypeOf ? Object.setPrototypeOf(subClass, superClass) : subClass.__proto__ = superClass; }

var babelPluginFlowReactPropTypes_proptype_NamedType = require(\"./types\").babelPluginFlowReactPropTypes_proptype_NamedType || require(\"prop-types\").any;

if (typeof exports !== \"undefined\") Object.defineProperty(exports, \"babelPluginFlowReactPropTypes_proptype_ExportedType\", {
  value: {
    bar: require(\"prop-types\").number.isRequired
  }
});

var MyComponent = function (_React$Component) {
  _inherits(MyComponent, _React$Component);

  function MyComponent() {
    _classCallCheck(this, MyComponent);

    return _possibleConstructorReturn(this, (MyComponent.__proto__ || Object.getPrototypeOf(MyComponent)).apply(this, arguments));
  }

  return MyComponent;
}(React.Component);

MyComponent.propTypes = {
  foo: require(\"prop-types\").string.isRequired,
  baz: typeof babelPluginFlowReactPropTypes_proptype_NamedType === \"function\" ? babelPluginFlowReactPropTypes_proptype_NamedType : require(\"prop-types\").shape(babelPluginFlowReactPropTypes_proptype_NamedType).isRequired,
  bar: require(\"prop-types\").number.isRequired
};"
`;
