// Jest Snapshot v1, https://goo.gl/fbAQLP

exports[`just-exports 1`] = `
"\\"use strict\\";

Object.defineProperty(exports, \\"__esModule\\", {
  value: true
});
exports.production = exports.baseUrl = exports.assets = exports.appcache = undefined;

var _appcache2 = require(\\"./validators/appcache.js\\");

var _appcache3 = _interopRequireDefault(_appcache2);

var _assets2 = require(\\"./validators/assets.js\\");

var _assets3 = _interopRequireDefault(_assets2);

var _baseUrl2 = require(\\"./validators/baseUrl.js\\");

var _baseUrl3 = _interopRequireDefault(_baseUrl2);

var _production2 = require(\\"./validators/production.js\\");

var _production3 = _interopRequireDefault(_production2);

function _interopRequireDefault(obj) { return obj && obj.__esModule ? obj : { default: obj }; }

exports.appcache = _appcache3.default;
exports.assets = _assets3.default;
exports.baseUrl = _baseUrl3.default;
exports.production = _production3.default;"
`;
