// Jest Snapshot v1, https://goo.gl/fbAQLP

exports[`opaque-type-alias 1`] = `
"'use strict';

Object.defineProperty(exports, \\"__esModule\\", {
  value: true
});
exports.bpfrpt_proptype_ExportedStringAlias = undefined;

var _propTypes = require('prop-types');

var _propTypes2 = _interopRequireDefault(_propTypes);

function _interopRequireDefault(obj) { return obj && obj.__esModule ? obj : { default: obj }; }

function _classCallCheck(instance, Constructor) { if (!(instance instanceof Constructor)) { throw new TypeError(\\"Cannot call a class as a function\\"); } }

function _possibleConstructorReturn(self, call) { if (!self) { throw new ReferenceError(\\"this hasn't been initialised - super() hasn't been called\\"); } return call && (typeof call === \\"object\\" || typeof call === \\"function\\") ? call : self; }

function _inherits(subClass, superClass) { if (typeof superClass !== \\"function\\" && superClass !== null) { throw new TypeError(\\"Super expression must either be null or a function, not \\" + typeof superClass); } subClass.prototype = Object.create(superClass && superClass.prototype, { constructor: { value: subClass, enumerable: false, writable: true, configurable: true } }); if (superClass) Object.setPrototypeOf ? Object.setPrototypeOf(subClass, superClass) : subClass.__proto__ = superClass; }

var React = require('react');

var bpfrpt_proptype_ExportedStringAlias = _propTypes2.default.string;

var C = function (_React$Component) {
  _inherits(C, _React$Component);

  function C() {
    _classCallCheck(this, C);

    return _possibleConstructorReturn(this, (C.__proto__ || Object.getPrototypeOf(C)).apply(this, arguments));
  }

  return C;
}(React.Component);

C.propTypes = {
  stringAlias: _propTypes2.default.string.isRequired,
  exportedStringAlias: _propTypes2.default.string.isRequired,
  optionalStringAlias: _propTypes2.default.string,
  stringAliasConstraint: _propTypes2.default.string.isRequired,
  numberAlias: _propTypes2.default.number.isRequired,
  typeAlias: _propTypes2.default.shape({
    a: _propTypes2.default.string.isRequired,
    b: _propTypes2.default.bool
  }).isRequired,
  typeReferenceAlias: _propTypes2.default.shape({
    b: _propTypes2.default.number.isRequired
  }).isRequired,
  interfaceReferenceAlias: _propTypes2.default.shape({
    x: _propTypes2.default.number.isRequired,
    y: _propTypes2.default.string
  }).isRequired
};
exports.default = C;
exports.bpfrpt_proptype_ExportedStringAlias = bpfrpt_proptype_ExportedStringAlias;"
`;
