// Jest Snapshot v1, https://goo.gl/fbAQLP

exports[`real 1`] = `
"'use strict';

Object.defineProperty(exports, \\"__esModule\\", {
  value: true
});
exports.default = undefined;

var _createClass = function () { function defineProperties(target, props) { for (var i = 0; i < props.length; i++) { var descriptor = props[i]; descriptor.enumerable = descriptor.enumerable || false; descriptor.configurable = true; if (\\"value\\" in descriptor) descriptor.writable = true; Object.defineProperty(target, descriptor.key, descriptor); } } return function (Constructor, protoProps, staticProps) { if (protoProps) defineProperties(Constructor.prototype, protoProps); if (staticProps) defineProperties(Constructor, staticProps); return Constructor; }; }();

var _react = require('react');

var _react2 = _interopRequireDefault(_react);

function _interopRequireDefault(obj) { return obj && obj.__esModule ? obj : { default: obj }; }

function _classCallCheck(instance, Constructor) { if (!(instance instanceof Constructor)) { throw new TypeError(\\"Cannot call a class as a function\\"); } }

function _possibleConstructorReturn(self, call) { if (!self) { throw new ReferenceError(\\"this hasn't been initialised - super() hasn't been called\\"); } return call && (typeof call === \\"object\\" || typeof call === \\"function\\") ? call : self; }

function _inherits(subClass, superClass) { if (typeof superClass !== \\"function\\" && superClass !== null) { throw new TypeError(\\"Super expression must either be null or a function, not \\" + typeof superClass); } subClass.prototype = Object.create(superClass && superClass.prototype, { constructor: { value: subClass, enumerable: false, writable: true, configurable: true } }); if (superClass) Object.setPrototypeOf ? Object.setPrototypeOf(subClass, superClass) : subClass.__proto__ = superClass; }

var AlbumCard = function (_React$Component) {
  _inherits(AlbumCard, _React$Component);

  function AlbumCard() {
    _classCallCheck(this, AlbumCard);

    return _possibleConstructorReturn(this, (AlbumCard.__proto__ || Object.getPrototypeOf(AlbumCard)).apply(this, arguments));
  }

  _createClass(AlbumCard, [{
    key: 'render',
    value: function render() {
      return _react2.default.createElement(Box, null);
    }
  }]);

  return AlbumCard;
}(_react2.default.Component);

AlbumCard.propTypes = {
  data: require('prop-types').shape({
    stats: require('prop-types').shape({
      images: require('prop-types').number.isRequired,
      videos: require('prop-types').number.isRequired,
      reposts: require('prop-types').number.isRequired,
      shares: require('prop-types').number.isRequired,
      stashes: require('prop-types').number.isRequired,
      likes: require('prop-types').number.isRequired,
      comments: require('prop-types').number.isRequired
    }).isRequired,
    title: require('prop-types').string.isRequired,
    coverImage: require('prop-types').shape({
      id: require('prop-types').string.isRequired,
      src: require('prop-types').string.isRequired
    }).isRequired,
    description: require('prop-types').string.isRequired,
    userIsFollowing: require('prop-types').oneOf([true, false]).isRequired
  }).isRequired
};
exports.default = AlbumCard;"
`;
