exports[`test imported-non-shape-generates-warnings: correct types, no warning types given 1`] = `Array []`;

exports[`test imported-non-shape-generates-warnings: incorrect types given 1`] = `
Array [
  Array [
    "Warning: Failed prop type: Invalid prop \`stringValue\` of type \`number\` supplied to \`C\`, expected \`string\`.
    in C",
  ],
  Array [
    "Warning: Failed prop type: Invalid prop \`numberValue\` of type \`string\` supplied to \`C\`, expected \`number\`.
    in C",
  ],
  Array [
    "Warning: Failed prop type: Invalid prop \`enumStringValue\` of value \`incorrect\` supplied to \`C\`, expected one of [\"yes\",\"no\"].
    in C",
  ],
]
`;

exports[`test imported-non-shape-generates-warnings: no props given 1`] = `Array []`;
