exports[`test stateless 1`] = `
"\'use strict\';

Object.defineProperty(exports, \"__esModule\", {
  value: true
});
exports.default = Foo;

var React = require(\'react\');

function Foo(props) {
  React.createElement(\'div\', null);
}
Foo.propTypes = {
  an_optional_string: require(\'prop-types\').string,
  an_optional_string_1: require(\'prop-types\').string,
  an_optional_union: require(\'prop-types\').oneOf([1, 10, \'foo\']),
  an_optional_union_1: require(\'prop-types\').oneOf([1, 10, \'foo\']),
  an_optional_union_2: require(\'prop-types\').oneOfType([require(\'prop-types\').string, require(\'prop-types\').number]),
  a_number: require(\'prop-types\').number.isRequired,
  a_boolean: require(\'prop-types\').bool.isRequired,
  a_generic_object: require(\'prop-types\').object.isRequired,
  array_of_strings: require(\'prop-types\').arrayOf(require(\'prop-types\').string).isRequired,
  instance_of_Bar: typeof Bar === \'function\' ? require(\'prop-types\').instanceOf(Bar).isRequired : require(\'prop-types\').any.isRequired,
  anything: require(\'prop-types\').any.isRequired,
  one_of: require(\'prop-types\').oneOf([\'QUACK\', \'BARK\', 5]).isRequired,
  onw_of_type: require(\'prop-types\').oneOfType([require(\'prop-types\').number, require(\'prop-types\').string]).isRequired,
  nested_object_level_1: require(\'prop-types\').shape({
    string_property_1: require(\'prop-types\').string.isRequired,
    nested_object_level_2: require(\'prop-types\').shape({
      nested_object_level_3: require(\'prop-types\').shape({
        string_property_3: require(\'prop-types\').string.isRequired
      }).isRequired,
      string_property_2: require(\'prop-types\').string.isRequired
    }).isRequired
  }).isRequired,
  should_error_if_provided: function should_error_if_provided(props, propName, componentName) {
    if (props[propName] != null) return new Error(\'Invalid prop \`\' + propName + \'\` of value \`\' + value + \'\` passed to \`\' + componentName + \'\`. Expected undefined or null.\');
  }
};"
`;
