// Jest Snapshot v1, https://goo.gl/fbAQLP

exports[`stateless-inline-imports 1`] = `
"'use strict';

var _propTypes = require('prop-types');

var _propTypes2 = _interopRequireDefault(_propTypes);

var _types = require('../types');

var _react = require('react');

var _react2 = _interopRequireDefault(_react);

function _interopRequireDefault(obj) { return obj && obj.__esModule ? obj : { default: obj }; }

var C = function C(props) {
  _react2.default.createElement(
    'div',
    null,
    props.name
  );
};

C.propTypes = (_types.bpfrp_babelPluginFlowReactPropTypes_proptype_T || _propTypes2.default.func) === _propTypes2.default.any ? {} : _types.bpfrp_babelPluginFlowReactPropTypes_proptype_T || _propTypes2.default.func;"
`;
