// Jest Snapshot v1, https://goo.gl/fbAQLP

exports[`tupletype 1`] = `
"'use strict';

Object.defineProperty(exports, \\"__esModule\\", {
  value: true
});
exports.default = Foo;

var React = require('react');

function Foo(props) {
  React.createElement('div', null);
}
Foo.propTypes = {
  an_optional_string: require('prop-types').string,
  tupletype: require('prop-types').arrayOf(require('prop-types').any).isRequired
};"
`;
