// Jest Snapshot v1, https://goo.gl/fbAQLP

exports[`tupletype 1`] = `
"'use strict';

Object.defineProperty(exports, \\"__esModule\\", {
  value: true
});
exports.default = Foo;

var React = require('react');

function Foo(props) {
  React.createElement('div', null);
}
Foo.propTypes = {
  an_optional_string: require('prop-types').string,
  tupletype: require('prop-types').arrayOf(function (props, propName, componentName) {
    if (!Object.prototype.hasOwnProperty.call(props, propName)) {
      throw new Error('Prop \`' + propName + '\` has type \\\\'any\\\\', but was not provided to \`' + componentName + '\`. Pass undefined or any other value.');
    }
  }).isRequired
};"
`;
