// Jest Snapshot v1, https://goo.gl/fbAQLP

exports[`tupletype 1`] = `
"'use strict';

Object.defineProperty(exports, \\"__esModule\\", {
  value: true
});
exports.default = Foo;

var _propTypes = require('prop-types');

var _propTypes2 = _interopRequireDefault(_propTypes);

function _interopRequireDefault(obj) { return obj && obj.__esModule ? obj : { default: obj }; }

var React = require('react');

function Foo(props) {
  React.createElement('div', null);
}
Foo.propTypes = {
  an_optional_string: _propTypes2.default.string,
  tupletype: _propTypes2.default.arrayOf(_propTypes2.default.any).isRequired
};"
`;
